<?xml version="1.0" encoding="UTF-8"?><mappingRoot xmlns="http://www.ibm.com/2008/ccl/Mapping" domainID="com.ibm.msl.mapping.xml" targetNamespace="http://CILSBVoiceServicesMod/xslt/Response_Mapping" version="8.0.4.0" xmlns:map="http://CILSBVoiceServicesMod/xslt/Response_Mapping">
    <input correlationContext="" message="{http://CILSBVoiceServicesLib/RetrieveVoiceOrderService}retrieveVoiceOrderResponseMsg" sharedContext="" smoName="wsdl-primary" transientContext="{http://CILSBVoiceServicesLib}VoiceOrderTransientContext" type="smo" types="" xpath="/"/>
    <output correlationContext="" message="{http://CILSBVoiceServicesLib/RetrieveVoiceOrderService}retrieveVoiceOrderResponseMsg" sharedContext="" smoName="wsdl-primary" transientContext="{http://CILSBVoiceServicesLib}VoiceOrderTransientContext" type="smo" types="" xpath="/"/>
    <namespaces>
        <namespace kind="supplement" prefix="io5" uri="http://www.w3.org/2003/05/soap-envelope"/>
        <namespace kind="supplement" prefix="io4" uri="http://www.ibm.com/xmlns/prod/websphere/mq/sca/6.0.0"/>
        <namespace kind="supplement" prefix="io3" uri="http://www.ibm.com/websphere/sibx/smo/v6.0.1"/>
        <namespace kind="supplement" prefix="io2" uri="wsdl.http://CILSBVoiceServicesLib/RetrieveVoiceOrderService"/>
        <namespace kind="supplement" prefix="io8" uri="http://www.w3.org/2005/08/addressing"/>
        <namespace kind="supplement" prefix="io9" uri="http://CILSBVoiceServicesLib/RetrieveVoiceOrderService"/>
        <namespace kind="supplement" prefix="io6" uri="http://CILSBVoiceServicesLib"/>
        <namespace kind="supplement" prefix="io7" uri="http://www.ibm.com/xmlns/prod/websphere/http/sca/6.1.0"/>
        <namespace kind="supplement" prefix="io" uri="http://schemas.xmlsoap.org/ws/2004/08/addressing"/>
    </namespaces>
    <mappingDeclaration name="Response_Mapping">
        <input namespace="http://www.ibm.com/websphere/sibx/smo/v6.0.1" path="smo"/>
        <output namespace="http://www.ibm.com/websphere/sibx/smo/v6.0.1" path="smo"/>
        <move>
            <input path="body"/>
            <output path="body"/>
        </move>
        <move>
            <input path="context/transient/orderDetailsResponse"/>
            <output path="context/transient/orderDetailsResponse"/>
        </move>
        <move>
            <input path="context/transient/responseDetailString"/>
            <output path="context/transient/responseDetailString"/>
        </move>
        <assign value="RESPONSE_PAYLOAD">
            <output path="context/transient/errorRuleType"/>
        </assign>
    </mappingDeclaration>
</mappingRoot>