<?xml version="1.0" encoding="UTF-8"?><mappingRoot xmlns="http://www.ibm.com/2008/ccl/Mapping" domainID="com.ibm.msl.mapping.xml" targetNamespace="http://CILSBVoiceServicesMod/xslt/FinalDSResponse" version="8.0.4.0" xmlns:map="http://CILSBVoiceServicesMod/xslt/FinalDSResponse">
    <input correlationContext="" message="" sharedContext="" smoName="wsdl-primary" transientContext="{http://CILSBVoiceServicesLib}VoiceOrderTransientContext" type="smo" types="" xpath="/"/>
    <output correlationContext="" message="{http://CILCommonLib}invokeDownStreamResponseMsg" sharedContext="" smoName="wsdl-primary" transientContext="{http://CILSBVoiceServicesLib}VoiceOrderTransientContext" type="smo" types="" xpath="/"/>
    <namespaces>
        <namespace kind="supplement" prefix="io5" uri="http://CILSBVoiceServicesLib"/>
        <namespace kind="supplement" prefix="io4" uri="http://www.w3.org/2003/05/soap-envelope"/>
        <namespace kind="supplement" prefix="io3" uri="http://www.ibm.com/xmlns/prod/websphere/mq/sca/6.0.0"/>
        <namespace kind="supplement" prefix="io2" uri="http://www.ibm.com/websphere/sibx/smo/v6.0.1"/>
        <namespace kind="supplement" prefix="io6" uri="http://www.ibm.com/xmlns/prod/websphere/http/sca/6.1.0"/>
        <namespace kind="supplement" prefix="io7" uri="http://www.w3.org/2005/08/addressing"/>
        <namespace kind="supplement" prefix="io" uri="http://schemas.xmlsoap.org/ws/2004/08/addressing"/>
        <namespace kind="supplement" prefix="out3" uri="wsdl.http://CILCommonLib"/>
        <namespace kind="supplement" prefix="out2" uri="http://CILCommonLib"/>
        <namespace kind="supplement" prefix="out" uri="http://CILCommonLib/HeaderAdditionalInfoBO"/>
    </namespaces>
    <mappingDeclaration name="VoiceOrderFinalDSResponse">
        <input namespace="http://www.ibm.com/websphere/sibx/smo/v6.0.1" path="smo"/>
        <output namespace="http://www.ibm.com/websphere/sibx/smo/v6.0.1" path="smo"/>
        <local>
            <input path="context/transient"/>
            <output path="body/invokeDownStreamResponse/downStreamMediationOutput"/>
            <move>
                <input path="errorRuleType" var="errorRuleType"/>
                <output path="errorRuleType"/>
                <test lang="xpath">$errorRuleType</test>
            </move>
            <move>
                <input path="responseDetailString" var="responseDetailString"/>
                <output path="responseDetailString"/>
                <test lang="xpath">$responseDetailString</test>
            </move>
            <move>
                <input path="orderDetailsResponse" var="orderDetailsResponse"/>
                <output path="responseDetail"/>
            </move>
            <move>
                <input path="orderDetailsResponse/responseHeader/requestId" var="requestId"/>
                <output path="relatedSystemID"/>
                <test lang="xpath">$requestId</test>
            </move>
            <foreach>
                <input path="orderDetailsResponse/responseMessageList/messageItem"/>
                <output path="responseMessageList/messageDetail"/>
                <move>
                    <input path="messageCode"/>
                    <output path="code"/>
                </move>
                <move>
                    <input path="messageTextEnglish"/>
                    <output path="messageEnglish"/>
                </move>
                <move>
                    <input path="messageTextFrench"/>
                    <output path="messageFrench"/>
                </move>
                <assign value="eBCCS">
                    <output path="systemOriginated"/>
                </assign>
            </foreach>
        </local>
    </mappingDeclaration>
</mappingRoot>